explain pc%8%21  —  Complete
#1 traits::impl&%0::scaled_area#lemma_req.src4 @ lemma.requires_check  [lemma_requires] proof_coverage/probes/traits.rs:49:26: 49:49 (#0)  —  Complete
    provenance: elaborates from traits::impl&%0::scaled_area#lemma_req.src4  [attribution: join.lemma_clause_span]  [join: join.lemma_clause_span]
    ← #2 [TerminalOf: conjunction of the obligation's terminals]
#2 pc%8%t%8%0  [terminal]   —  Complete
    ← #4 AND #3 [SupportedBy: focused query 17 unsat core]
#3 β:17  —  Complete
    root
#4 traits::impl&%0::scaled_area#lemma_ens.src1 @ lemma.ensures_assume  [sst:AssertQueryEnsures] proof_coverage/probes/traits.rs:42:20: 42:43 (#0)  —  Complete
    provenance: elaborates from traits::impl&%0::scaled_area#lemma_ens.src1  [attribution: sst.exact_lowering]  [join: join.lemma_clause_span]
    ← #5 [CertifiedBy: lemma protocol: proved goal licenses exported conclusion traits::impl&%0::scaled_area#lemma_ens.src1]
#5 traits::impl&%0::scaled_area#lemma_ens.src1 @ lemma.goal  [lemma_goal] proof_coverage/probes/traits.rs:42:20: 42:43 (#0)  —  Complete
    provenance: elaborates from traits::impl&%0::scaled_area#lemma_ens.src1  [attribution: join.lemma_clause_span]  [join: join.lemma_clause_span]
    ← #6 [TerminalOf: conjunction of the obligation's terminals]
#6 pc%2%t%0%0  [terminal]   —  Complete
    ← #12 AND #11 AND #10 AND #9 AND #8 AND #7 [SupportedBy: focused query 3 unsat core]
#7 β:3  —  Complete
    root
#8 traits::Square::area  [ambient:SpecDefinition] pc_a%5320debb0e3ec79ffe07423f28c5edf2  —  Complete
    ambient encoding axiom (SpecDefinition), owner traits::Square::area
    root
#9 traits::Square::area  [ambient:SpecDefinition] pc_a%15dbf72df3deb353becd15cf005235ee  —  Complete
    ambient encoding axiom (SpecDefinition), owner traits::Square::area
    root
#10 pc%2%local%1  [type_invariant] proof_coverage/probes/traits.rs:42:13: 42:19 (#0)  —  Complete
    provenance: [attribution: sst.emitted_local_axiom]
    root
#11 pc%2%local%0  [fuel] proof_coverage/probes/traits.rs:42:13: 42:19 (#0)  —  Complete
    provenance: [attribution: sst.emitted_local_axiom]
    root
#12 traits::impl&%0::scaled_area#lemma_req.src1 @ lemma.requires_assume  [sst:AssertQueryRequire] proof_coverage/probes/traits.rs:43:26: 43:59 (#0)  —  Complete
    provenance: elaborates from traits::impl&%0::scaled_area#lemma_req.src1  [attribution: sst.exact_lowering]  [join: join.lemma_clause_span]
    ← #13 [CertifiedBy: lemma protocol: requires check licenses hypothesis of traits::impl&%0::scaled_area#lemma_req.src1]
#13 traits::impl&%0::scaled_area#lemma_req.src1 @ lemma.requires_check  [lemma_requires] proof_coverage/probes/traits.rs:43:26: 43:59 (#0)  —  Complete
    provenance: elaborates from traits::impl&%0::scaled_area#lemma_req.src1  [attribution: join.lemma_clause_span]  [join: join.lemma_clause_span]
    ← #14 [TerminalOf: conjunction of the obligation's terminals]
#14 pc%8%t%5%0  [terminal]   —  Complete
    ← #19 AND #18 AND #17 AND #16 AND #15 [SupportedBy: focused query 14 unsat core]
#15 β:14  —  Complete
    root
#16 pc%8%local%1  [type_invariant] proof_coverage/probes/traits.rs:26:20: 26:25 (#0)  —  Complete
    provenance: [attribution: sst.emitted_local_axiom]
    root
#17 traits::impl&%0::scaled_area#assign.src0  [sst:VarEquality] proof_coverage/probes/traits.rs:40:13: 40:14 (#0)  —  Complete
    provenance: elaborates from traits::impl&%0::scaled_area#assign.src0  [attribution: sst.exact_lowering]  [join: join.source_provenance]
    root
#18 pc%8%14  [type_invariant] proof_coverage/probes/traits.rs:40:22: 40:61 (#0)  —  Complete
    provenance: [attribution: air.type_invariant]
    root
#19 traits::impl&%0::scaled_area#forall.src0 @ forall.establish  [sst:AssertForallEnsures] proof_coverage/probes/traits.rs:33:16: 33:30 (#0)  —  Complete
    provenance: elaborates from traits::impl&%0::scaled_area#forall.src0  [attribution: sst.exact_lowering]  [join: join.forall_site]
    ← #20 [CertifiedBy: forall protocol: proved body licenses exported conclusion traits::impl&%0::scaled_area#forall.src0]
#20 traits::impl&%0::scaled_area#forall.src0 @ forall.goal  [assertion] proof_coverage/probes/traits.rs:33:16: 33:30 (#0)  —  Complete
    provenance: elaborates from traits::impl&%0::scaled_area#forall.src0  [attribution: msg.obligation_note]  [join: join.forall_site]
    ← #21 [TerminalOf: conjunction of the obligation's terminals]
#21 pc%8%t%3%0  [terminal]   —  Complete
    ← #39 AND #38 AND #32 AND #23 AND #22 [SupportedBy: focused query 12 unsat core]
#22 β:12  —  Complete
    root
#23 traits::impl&%0::scaled_area#lemma_ens.src0 @ lemma.ensures_assume  [sst:AssertQueryEnsures] proof_coverage/probes/traits.rs:36:24: 36:56 (#0)  —  Complete
    provenance: elaborates from traits::impl&%0::scaled_area#lemma_ens.src0  [attribution: sst.exact_lowering]  [join: join.lemma_clause_span]
    ← #24 [CertifiedBy: lemma protocol: proved goal licenses exported conclusion traits::impl&%0::scaled_area#lemma_ens.src0]
#24 traits::impl&%0::scaled_area#lemma_ens.src0 @ lemma.goal  [lemma_goal] proof_coverage/probes/traits.rs:36:24: 36:56 (#0)  —  Complete
    provenance: elaborates from traits::impl&%0::scaled_area#lemma_ens.src0  [attribution: join.lemma_clause_span]  [join: join.lemma_clause_span]
    ← #25 [TerminalOf: conjunction of the obligation's terminals]
#25 pc%0%t%0%0  [terminal]   —  Complete
    ← #27 AND #26 [SupportedBy: focused query 1 unsat core]
#26 β:1  —  Complete
    root
#27 traits::impl&%0::scaled_area#lemma_req.src0 @ lemma.requires_assume  [sst:AssertQueryRequire] proof_coverage/probes/traits.rs:37:30: 37:45 (#0)  —  Complete
    provenance: elaborates from traits::impl&%0::scaled_area#lemma_req.src0  [attribution: sst.exact_lowering]  [join: join.lemma_clause_span]
    ← #28 [CertifiedBy: lemma protocol: requires check licenses hypothesis of traits::impl&%0::scaled_area#lemma_req.src0]
#28 traits::impl&%0::scaled_area#lemma_req.src0 @ lemma.requires_check  [lemma_requires] proof_coverage/probes/traits.rs:37:30: 37:45 (#0)  —  Complete
    provenance: elaborates from traits::impl&%0::scaled_area#lemma_req.src0  [attribution: join.lemma_clause_span]  [join: join.lemma_clause_span]
    ← #29 [TerminalOf: conjunction of the obligation's terminals]
#29 pc%8%t%2%0  [terminal]   —  Complete
    ← #31 AND #30 [SupportedBy: focused query 11 unsat core]
#30 β:11  —  Complete
    root
#31 traits::impl&%0::scaled_area#branch.src0 @ control.branch_arm:0  [branch_condition] proof_coverage/probes/traits.rs:35:13: 38:14 (#0)  —  Complete
    provenance: elaborates from traits::impl&%0::scaled_area#branch.src0  [attribution: sst.emitted_slot]  [join: join.source_provenance]
    root
#32 traits::impl&%0::scaled_area#assert.src1 @ assert.establish  [asserted_proposition] proof_coverage/probes/traits.rs:34:20: 34:48 (#0)  —  Complete
    provenance: elaborates from traits::impl&%0::scaled_area#assert.src1  [attribution: walk.asserted_proposition]  [join: join.assert_site]
    ← #33 [CertifiedBy: assert protocol: discharged check licenses established fact traits::impl&%0::scaled_area#assert.src1]
#33 traits::impl&%0::scaled_area#assert.src1 @ assert.check  [assertion] proof_coverage/probes/traits.rs:34:20: 34:48 (#0)  —  Complete
    provenance: elaborates from traits::impl&%0::scaled_area#assert.src1  [attribution: msg.obligation_note]  [join: join.assert_site]
    ← #34 [TerminalOf: conjunction of the obligation's terminals]
#34 pc%8%t%1%0  [terminal]   —  Complete
    ← #37 AND #16 AND #36 AND #9 AND #8 AND #35 [SupportedBy: focused query 10 unsat core]
#35 β:10  —  Complete
    root
#36 traits::Shape::scaled_area#req[1] @ function.requires  [requires[1]] proof_coverage/probes/traits.rs:11:13: 11:31 (#0)  —  Complete
    provenance: elaborates from traits::Shape::scaled_area#req[1]  [attribution: sst.emitted_local_axiom]  [join: join.trait_refinement]
    root
#37 pc%8%local%0  [fuel] proof_coverage/probes/traits.rs:26:5: 26:45 (#0)  —  Complete
    provenance: [attribution: sst.emitted_local_axiom]
    root
#38 pc%8%4  [sst:VarEquality] proof_coverage/probes/traits.rs:34:20: 34:48 (#0)  —  Complete
    provenance: [attribution: sst.exact_lowering]
    root
#39 traits::impl&%0::scaled_area#branch.src0 @ control.branch_arm:1  [branch_condition] proof_coverage/probes/traits.rs:35:13: 38:14 (#0)  —  Complete
    provenance: elaborates from traits::impl&%0::scaled_area#branch.src0  [attribution: sst.emitted_slot]  [join: join.source_provenance]
    root
