explain pc%18%13  —  Complete
#1 nested_loops::sum_grid#ens[0] @ function.ensures  [ensures] proof_coverage/probes/nested_loops.rs:9:9: 9:35 (#0)  —  Complete
    provenance: elaborates from nested_loops::sum_grid#ens[0]  [attribution: msg.obligation_note]  [join: join.clause_span]
    ← #2 [TerminalOf: conjunction of the obligation's terminals]
#2 pc%18%t%3%0  [terminal]   —  Complete
    ← #18 AND #17 AND #16 AND #4 AND #3 [SupportedBy: focused query 22 unsat core]
#3 β:22  —  Complete
    root
#4 nested_loops::sum_grid#inv.src0 @ loop.exit_assume  [loop_invariant] proof_coverage/probes/nested_loops.rs:15:13: 15:19 (#0)  —  Complete
    provenance: elaborates from nested_loops::sum_grid#inv.src0  [attribution: sst.emitted_slot]  [join: join.emitted_clause]
    ← #11 AND #5 [CertifiedBy: loop protocol (invariant): entry + latch/transfer checks license exit export of nested_loops::sum_grid#inv.src0]
#5 nested_loops::sum_grid#inv.src0 @ loop.maintain  [loop_invariant] proof_coverage/probes/nested_loops.rs:15:13: 15:19 (#0)  —  Complete
    provenance: elaborates from nested_loops::sum_grid#inv.src0  [attribution: msg.obligation_note]  [join: join.emitted_clause]
    ← #6 [TerminalOf: conjunction of the obligation's terminals]
#6 pc%8%t%5%0  [terminal]   —  Complete
    ← #10 AND #9 AND #8 AND #7 [SupportedBy: focused query 14 unsat core]
#7 β:14  —  Complete
    root
#8 nested_loops::sum_grid#cond.src0 @ loop.entry_condition  [loop_entry_condition] proof_coverage/probes/nested_loops.rs:13:5: 13:16 (#10)  —  Complete
    provenance: elaborates from nested_loops::sum_grid#cond.src0  [attribution: sst.emitted_slot]  [join: join.loop_condition]
    root
#9 nested_loops::sum_grid#assign.src5  [sst:AssignUpdate] proof_coverage/probes/nested_loops.rs:32:9: 32:18 (#0)  —  Complete
    provenance: elaborates from nested_loops::sum_grid#assign.src5  [attribution: sst.exact_lowering]  [join: join.source_provenance]
    root
#10 pc%8%18  [type_invariant] proof_coverage/probes/nested_loops.rs:32:13: 32:18 (#0)  —  Complete
    provenance: [attribution: air.type_invariant]
    root
#11 nested_loops::sum_grid#inv.src0 @ loop.establish  [loop_invariant] proof_coverage/probes/nested_loops.rs:15:13: 15:19 (#0)  —  Complete
    provenance: elaborates from nested_loops::sum_grid#inv.src0  [attribution: msg.obligation_note]  [join: join.emitted_clause]
    ← #12 [TerminalOf: conjunction of the obligation's terminals]
#12 pc%18%t%0%0  [terminal]   —  Complete
    ← #15 AND #14 AND #13 [SupportedBy: focused query 19 unsat core]
#13 β:19  —  Complete
    root
#14 pc%18%local%1  [type_invariant] proof_coverage/probes/nested_loops.rs:5:13: 5:19 (#0)  —  Complete
    provenance: [attribution: sst.emitted_local_axiom]
    root
#15 nested_loops::sum_grid#assign.src1  [sst:VarEquality] proof_coverage/probes/nested_loops.rs:12:9: 12:14 (#0)  —  Complete
    provenance: elaborates from nested_loops::sum_grid#assign.src1  [attribution: sst.exact_lowering]  [join: join.source_provenance]
    root
#16 nested_loops::sum_grid#return.src0  [sst:VarEquality] proof_coverage/probes/nested_loops.rs:34:5: 34:10 (#0)  —  Complete
    provenance: elaborates from nested_loops::sum_grid#return.src0  [attribution: sst.exact_lowering]  [join: join.source_provenance]
    root
#17 nested_loops::sum_grid#cond.src0 @ loop.exit_condition  [loop_exit_condition] proof_coverage/probes/nested_loops.rs:13:5: 13:16 (#10)  —  Complete
    provenance: elaborates from nested_loops::sum_grid#cond.src0  [attribution: sst.emitted_slot]  [join: join.loop_condition]
    root
#18 nested_loops::sum_grid#inv.src2 @ loop.exit_assume  [loop_invariant] proof_coverage/probes/nested_loops.rs:17:13: 17:39 (#0)  —  Complete
    provenance: elaborates from nested_loops::sum_grid#inv.src2  [attribution: sst.emitted_slot]  [join: join.emitted_clause]
    ← #30 AND #19 [CertifiedBy: loop protocol (invariant): entry + latch/transfer checks license exit export of nested_loops::sum_grid#inv.src2]
#19 nested_loops::sum_grid#inv.src2 @ loop.maintain  [loop_invariant] proof_coverage/probes/nested_loops.rs:17:13: 17:39 (#0)  —  Complete
    provenance: elaborates from nested_loops::sum_grid#inv.src2  [attribution: msg.obligation_note]  [join: join.emitted_clause]
    ← #20 [TerminalOf: conjunction of the obligation's terminals]
#20 pc%8%t%7%0  [terminal]   —  Complete
    ← #57 AND #52 AND #47 AND #24 AND #23 AND #10 AND #9 AND #22 AND #21 [SupportedBy: focused query 16 unsat core]
#21 β:16  —  Complete
    root
#22 pc%8%local%3  [type_invariant] proof_coverage/probes/nested_loops.rs:13:5: 13:16 (#10)  —  Complete
    provenance: [attribution: sst.emitted_local_axiom]
    root
#23 nested_loops::sum_grid#cond.src1 @ loop.exit_condition  [loop_exit_condition] proof_coverage/probes/nested_loops.rs:21:9: 21:23 (#11)  —  Complete
    provenance: elaborates from nested_loops::sum_grid#cond.src1  [attribution: sst.emitted_slot]  [join: join.loop_condition]
    root
#24 nested_loops::sum_grid#inv.src6 @ loop.exit_assume  [loop_invariant] proof_coverage/probes/nested_loops.rs:26:17: 26:56 (#0)  —  Complete
    provenance: elaborates from nested_loops::sum_grid#inv.src6  [attribution: sst.emitted_slot]  [join: join.emitted_clause]
    ← #34 AND #25 [CertifiedBy: loop protocol (invariant): entry + latch/transfer checks license exit export of nested_loops::sum_grid#inv.src6]
#25 nested_loops::sum_grid#inv.src6 @ loop.establish  [loop_invariant] proof_coverage/probes/nested_loops.rs:26:17: 26:56 (#0)  —  Complete
    provenance: elaborates from nested_loops::sum_grid#inv.src6  [attribution: msg.obligation_note]  [join: join.emitted_clause]
    ← #26 [TerminalOf: conjunction of the obligation's terminals]
#26 pc%8%t%3%0  [terminal]   —  Complete
    ← #29 AND #28 AND #27 [SupportedBy: focused query 12 unsat core]
#27 β:12  —  Complete
    root
#28 nested_loops::sum_grid#assign.src2  [sst:VarEquality] proof_coverage/probes/nested_loops.rs:20:13: 20:18 (#0)  —  Complete
    provenance: elaborates from nested_loops::sum_grid#assign.src2  [attribution: sst.exact_lowering]  [join: join.source_provenance]
    root
#29 nested_loops::sum_grid#inv.src2 @ loop.body_assume  [loop_invariant] proof_coverage/probes/nested_loops.rs:17:13: 17:39 (#0)  —  Complete
    provenance: elaborates from nested_loops::sum_grid#inv.src2  [attribution: sst.emitted_slot]  [join: join.emitted_clause]
    ← #30 [CertifiedBy: loop protocol: entry check licenses hypothesis of nested_loops::sum_grid#inv.src2]
#30 nested_loops::sum_grid#inv.src2 @ loop.establish  [loop_invariant] proof_coverage/probes/nested_loops.rs:17:13: 17:39 (#0)  —  Complete
    provenance: elaborates from nested_loops::sum_grid#inv.src2  [attribution: msg.obligation_note]  [join: join.emitted_clause]
    ← #31 [TerminalOf: conjunction of the obligation's terminals]
#31 pc%18%t%2%0  [terminal]   —  Complete
    ← #33 AND #15 AND #32 [SupportedBy: focused query 21 unsat core]
#32 β:21  —  Complete
    root
#33 nested_loops::sum_grid#assign.src0  [sst:VarEquality] proof_coverage/probes/nested_loops.rs:11:9: 11:18 (#0)  —  Complete
    provenance: elaborates from nested_loops::sum_grid#assign.src0  [attribution: sst.exact_lowering]  [join: join.source_provenance]
    root
#34 nested_loops::sum_grid#inv.src6 @ loop.maintain  [loop_invariant] proof_coverage/probes/nested_loops.rs:26:17: 26:56 (#0)  —  Complete
    provenance: elaborates from nested_loops::sum_grid#inv.src6  [attribution: msg.obligation_note]  [join: join.emitted_clause]
    ← #35 [TerminalOf: conjunction of the obligation's terminals]
#35 pc%0%t%5%0  [terminal]   —  Complete
    ← #43 AND #42 AND #41 AND #40 AND #39 AND #38 AND #37 AND #36 [SupportedBy: focused query 6 unsat core]
#36 β:6  —  Complete
    root
#37 pc%0%local%4  [type_invariant] proof_coverage/probes/nested_loops.rs:21:9: 21:23 (#11)  —  Complete
    provenance: [attribution: sst.emitted_local_axiom]
    root
#38 pc%0%9  [type_invariant] proof_coverage/probes/nested_loops.rs:30:17: 30:22 (#0)  —  Complete
    provenance: [attribution: air.type_invariant]
    root
#39 pc%0%7  [type_invariant] proof_coverage/probes/nested_loops.rs:29:21: 29:30 (#0)  —  Complete
    provenance: [attribution: air.type_invariant]
    root
#40 nested_loops::sum_grid#inv.src6 @ loop.body_assume  [loop_invariant] proof_coverage/probes/nested_loops.rs:26:17: 26:56 (#0)  —  Complete
    provenance: elaborates from nested_loops::sum_grid#inv.src6  [attribution: sst.emitted_slot]  [join: join.emitted_clause]
    ← #25 [CertifiedBy: loop protocol: entry check licenses hypothesis of nested_loops::sum_grid#inv.src6]
#41 nested_loops::sum_grid#assign.src4  [sst:AssignUpdate] proof_coverage/probes/nested_loops.rs:30:13: 30:22 (#0)  —  Complete
    provenance: elaborates from nested_loops::sum_grid#assign.src4  [attribution: sst.exact_lowering]  [join: join.source_provenance]
    root
#42 nested_loops::sum_grid#assign.src3  [sst:AssignUpdate] proof_coverage/probes/nested_loops.rs:29:13: 29:30 (#0)  —  Complete
    provenance: elaborates from nested_loops::sum_grid#assign.src3  [attribution: sst.exact_lowering]  [join: join.source_provenance]
    root
#43 nested_loops::sum_grid#inv.src3 @ loop.body_assume  [loop_invariant] proof_coverage/probes/nested_loops.rs:23:17: 23:26 (#0)  —  Complete
    provenance: elaborates from nested_loops::sum_grid#inv.src3  [attribution: sst.emitted_slot]  [join: join.emitted_clause]
    ← #44 [CertifiedBy: loop protocol: entry check licenses hypothesis of nested_loops::sum_grid#inv.src3]
#44 nested_loops::sum_grid#inv.src3 @ loop.establish  [loop_invariant] proof_coverage/probes/nested_loops.rs:23:17: 23:26 (#0)  —  Complete
    provenance: elaborates from nested_loops::sum_grid#inv.src3  [attribution: msg.obligation_note]  [join: join.emitted_clause]
    ← #45 [TerminalOf: conjunction of the obligation's terminals]
#45 pc%8%t%0%0  [terminal]   —  Complete
    ← #28 AND #46 [SupportedBy: focused query 9 unsat core]
#46 β:9  —  Complete
    root
#47 nested_loops::sum_grid#inv.src3 @ loop.exit_assume  [loop_invariant] proof_coverage/probes/nested_loops.rs:23:17: 23:26 (#0)  —  Complete
    provenance: elaborates from nested_loops::sum_grid#inv.src3  [attribution: sst.emitted_slot]  [join: join.emitted_clause]
    ← #48 AND #44 [CertifiedBy: loop protocol (invariant): entry + latch/transfer checks license exit export of nested_loops::sum_grid#inv.src3]
#48 nested_loops::sum_grid#inv.src3 @ loop.maintain  [loop_invariant] proof_coverage/probes/nested_loops.rs:23:17: 23:26 (#0)  —  Complete
    provenance: elaborates from nested_loops::sum_grid#inv.src3  [attribution: msg.obligation_note]  [join: join.emitted_clause]
    ← #49 [TerminalOf: conjunction of the obligation's terminals]
#49 pc%0%t%2%0  [terminal]   —  Complete
    ← #41 AND #51 AND #38 AND #50 [SupportedBy: focused query 3 unsat core]
#50 β:3  —  Complete
    root
#51 nested_loops::sum_grid#cond.src1 @ loop.entry_condition  [loop_entry_condition] proof_coverage/probes/nested_loops.rs:21:9: 21:23 (#11)  —  Complete
    provenance: elaborates from nested_loops::sum_grid#cond.src1  [attribution: sst.emitted_slot]  [join: join.loop_condition]
    root
#52 nested_loops::sum_grid#inv.src1 @ loop.body_assume  [loop_invariant] proof_coverage/probes/nested_loops.rs:16:13: 16:22 (#0)  —  Complete
    provenance: elaborates from nested_loops::sum_grid#inv.src1  [attribution: sst.emitted_slot]  [join: join.emitted_clause]
    ← #53 [CertifiedBy: loop protocol: entry check licenses hypothesis of nested_loops::sum_grid#inv.src1]
#53 nested_loops::sum_grid#inv.src1 @ loop.establish  [loop_invariant] proof_coverage/probes/nested_loops.rs:16:13: 16:22 (#0)  —  Complete
    provenance: elaborates from nested_loops::sum_grid#inv.src1  [attribution: msg.obligation_note]  [join: join.emitted_clause]
    ← #54 [TerminalOf: conjunction of the obligation's terminals]
#54 pc%18%t%1%0  [terminal]   —  Complete
    ← #56 AND #55 [SupportedBy: focused query 20 unsat core]
#55 β:20  —  Complete
    root
#56 nested_loops::sum_grid#req[0] @ function.requires  [requires[0]] proof_coverage/probes/nested_loops.rs:7:9: 7:18 (#0)  —  Complete
    provenance: elaborates from nested_loops::sum_grid#req[0]  [attribution: sst.emitted_local_axiom]  [join: join.emitted_clause]
    root
#57 nested_loops::sum_grid#inv.src0 @ loop.body_assume  [loop_invariant] proof_coverage/probes/nested_loops.rs:15:13: 15:19 (#0)  —  Complete
    provenance: elaborates from nested_loops::sum_grid#inv.src0  [attribution: sst.emitted_slot]  [join: join.emitted_clause]
    ← #11 [CertifiedBy: loop protocol: entry check licenses hypothesis of nested_loops::sum_grid#inv.src0]
